[shivatoken.club/index.html]
[shivatoken.club/xmlrpc.php]
[backblue.gif]
[fade.gif]
[index.html]
[shivatoken.club/wp-includes/css/dist/block-library/style.min080f.css]
[shivatoken.club/wp-content/plugins/contact-form-7/includes/css/styles4245.css]
[shivatoken.club/wp-content/plugins/js_composer/assets/lib/bower/font-awesome/css/v4-shims.minbdeb.css]
[shivatoken.club/wp-content/plugins/js_composer/assets/lib/bower/font-awesome/css/all.minbdeb.css]
[shivatoken.club/wp-content/themes/icos/assets/css/vendor.bundle080f.css]
[shivatoken.club/wp-content/themes/icos/style080f.css]
[shivatoken.club/wp-content/themes/icos/assets/css/lavender080f.css]
[shivatoken.club/wp-content/themes/icos/assets/css/muscari080f.css]
[shivatoken.club/feed/index.html]
[shivatoken.club/wp-content/themes/icos/assets/css/lobelia080f.css]
[shivatoken.club/wp-content/themes/icos/assets/css/jasmine080f.css]
[shivatoken.club/comments/feed/index.html]
[shivatoken.club/wp-content/themes/icos/assets/css/lungwort080f.css]
[shivatoken.club/wp-content/themes/icos/assets/css/salvia080f.css]
[shivatoken.club/wp-content/themes/icos/assets/css/zinnia080f.css]
[shivatoken.club/wp-content/themes/icos/assets/css/theme/theme-java080f.css]
[shivatoken.club/wp-content/plugins/js_composer/assets/css/js_composer.minbdeb.css]
[shivatoken.club/wp-includes/js/jquery/jquery.minaf6c.js]
[shivatoken.club/wp-includes/js/jquery/jquery-migrate.mind617.js]
[shivatoken.club/wp-json/wp/v2/pages/215.json]
[shivatoken.club/wp-json/index.html]
[shivatoken.club/xmlrpc0db0.php]
[shivatoken.club/wp-includes/wlwmanifest.xml]
[shivatoken.club/wp-json/oembed/1.0/embed09dc.json]
[shivatoken.club/wp-json/oembed/1.0/embed1977]
[shivatoken.club/wp-content/uploads/2021/08/cropped-Shiva_Coin_Final_1-32x32.png]
[shivatoken.club/wp-content/uploads/2021/08/cropped-Shiva_Coin_Final_1-192x192.png]
[shivatoken.club/wp-content/uploads/2021/08/cropped-Shiva_Coin_Final_1-180x180.png]
[shivatoken.club/home/gochimed/shivatoken.club/wp-content/fonts/poppins/pxiEyp8kv8JHgFVrJJbedHFHGPezSQ.woff]
[shivatoken.club/home/gochimed/shivatoken.club/wp-content/fonts/poppins/pxiEyp8kv8JHgFVrJJnedHFHGPezSQ.woff]
[shivatoken.club/home/gochimed/shivatoken.club/wp-content/fonts/poppins/pxiEyp8kv8JHgFVrJJfedHFHGPc.woff]
[shivatoken.club/home/gochimed/shivatoken.club/wp-content/fonts/poppins/pxiByp8kv8JHgFVrLGT9Z11lE92JQEl8qw.woff]
[shivatoken.club/home/gochimed/shivatoken.club/wp-content/fonts/poppins/pxiByp8kv8JHgFVrLGT9Z1JlE92JQEl8qw.woff]
[shivatoken.club/home/gochimed/shivatoken.club/wp-content/fonts/poppins/pxiByp8kv8JHgFVrLGT9Z1xlE92JQEk.woff]
[shivatoken.club/home/gochimed/shivatoken.club/wp-content/fonts/poppins/pxiByp8kv8JHgFVrLEj6Z11lE92JQEl8qw.woff]
[shivatoken.club/home/gochimed/shivatoken.club/wp-content/fonts/poppins/pxiByp8kv8JHgFVrLEj6Z1JlE92JQEl8qw.woff]
[shivatoken.club/home/gochimed/shivatoken.club/wp-content/fonts/poppins/pxiByp8kv8JHgFVrLEj6Z1xlE92JQEk.woff]
[shivatoken.club/wp-content/uploads/2021/08/SHIVA-WEB-LOGO.png]
[shivatoken.club/wp-content/uploads/2021/08/Shiva_logo.png]
[shivatoken.club/wp-content/uploads/2021/11/ctk-logo-hor-white-1024x404.png]
[shivatoken.club/wp-content/uploads/2021/08/Wavy_Tech-24_Single-07-ai-2000x2000.png]
[shivatoken.club/wp-content/uploads/2021/08/8891-ai-1.png]
[shivatoken.club/wp-content/uploads/2021/08/—Pngtree—cryptocurrency-exchange-illustration-concept-_4853436-1024x1024.png]
[shivatoken.club/wp-content/uploads/2021/08/4867781-ai-1024x1024.png]
[shivatoken.club/wp-content/uploads/2021/08/37248-ai-1024x1024.png]
[shivatoken.club/wp-content/uploads/2021/08/5409456-ai-1024x1024.png]
[shivatoken.club/wp-content/uploads/2021/08/43Z_2107.w010.n001.5B.p8.5-ai-2-1024x683.png]
[shivatoken.club/wp-content/uploads/2021/08/5299-ai-2000x1640.png]
[shivatoken.club/wp-content/uploads/2021/08/4906625-ai-1024x1024.png]
[shivatoken.club/wp-content/uploads/2021/08/Shiva_Distribution_chart-2.png]
[shivatoken.club/wp-content/uploads/2021/08/Distribution_Chart-2000x2000.png]
[shivatoken.club/wp-content/uploads/2021/09/Untitled-design-16.png]
[shivatoken.club/wp-content/uploads/2021/09/rud.png]
[shivatoken.club/wp-content/uploads/2021/09/Untitled-design-2.png]
[shivatoken.club/wp-content/uploads/2021/08/Pancake-logo-white..png]
[shivatoken.club/wp-content/uploads/2021/08/BscScan-logo-light.png]
[shivatoken.club/wp-content/uploads/2021/08/PooCoin-Logo.png]
[shivatoken.club/wp-content/uploads/2021/08/coingecko-branding-guide-4f5245361f7a47478fa54c2c57808a9e05d31ac7ca498ab189a3827d6000e22b.png]
[shivatoken.club/wp-content/uploads/2021/08/5f15b505dd58c115cd49d484_Logo-full-white.png]
[shivatoken.club/wp-content/uploads/2021/08/PikPng.com_burned-paper-png_1254040.png]
[shivatoken.club/wp-content/uploads/2021/08/wazirx-logo-blue.8f74de7a.png]
[shivatoken.club/wp-content/uploads/2021/08/PikPng.com_exchange-png_5391304.png]
[shivatoken.club/wp-content/uploads/2021/08/SeekPng.com_refer-a-friend-png_3341584.png]
[shivatoken.club/wp-content/uploads/2021/08/adb89a16c0442dff00a8f019c8a970e283be0dd3.png]
[shivatoken.club/wp-content/uploads/2021/08/1541163535-P2PB2B-logo-e1630254878737.png]
[shivatoken.club/wp-content/uploads/2021/08/LAtoken-e1630255030808-1.png]
[shivatoken.club/wp-content/uploads/2021/08/PngItem_1752060.png]
[shivatoken.club/wp-content/uploads/2021/08/gateio_h_en.png]
[shivatoken.club/wp-content/uploads/2021/08/indoex-wide500-1.png]
[shivatoken.club/wp-includes/js/dist/vendor/regenerator-runtime.minb36a.js]
[shivatoken.club/wp-includes/js/dist/vendor/wp-polyfill.min2c7c.js]
[shivatoken.club/wp-content/plugins/contact-form-7/includes/js/index4245.js]
[shivatoken.club/wp-includes/js/comment-reply.min080f.js]
[shivatoken.club/wp-content/themes/icos/assets/js/vendor/bootstrap.min080f.js]
[shivatoken.club/wp-content/themes/icos/assets/js/vendor/jquery.easing.min080f.js]
[shivatoken.club/wp-content/themes/icos/assets/js/vendor/jquery.waypoints.min080f.js]
[shivatoken.club/wp-content/themes/icos/assets/js/vendor/owl.carousel080f.js]
[shivatoken.club/wp-content/themes/icos/assets/js/vendor/jquery.magnific-popup.min080f.js]
[shivatoken.club/wp-content/themes/icos/assets/js/vendor/jquery.countdown.min080f.js]
[shivatoken.club/wp-content/themes/icos/assets/js/vendor/particles.min080f.js]
[shivatoken.club/wp-content/themes/icos/assets/js/vendor/select2.min080f.js]
[shivatoken.club/wp-content/themes/icos/assets/js/script-pack080f.js]
[shivatoken.club/wp-content/uploads/wpmss/wpmssab.min84e2.js]
[shivatoken.club/wp-content/plugins/mousewheel-smooth-scroll/js/SmoothScroll.min5b3c.js]
[shivatoken.club/wp-content/uploads/wpmss/wpmss.min84e2.js]
[shivatoken.club/wp-includes/js/wp-embed.min080f.js]
[shivatoken.club/wp-content/plugins/js_composer/assets/js/dist/js_composer_front.minbdeb.js]
[shivatoken.club/index.html]
[shivatoken.club/xmlrpc.php]
[shivatoken.club/wp-includes/css/dist/block-library/style.min080f.css]
[shivatoken.club/wp-content/plugins/contact-form-7/includes/css/styles4245.css]
[shivatoken.club/wp-content/plugins/js_composer/assets/lib/bower/font-awesome/css/v4-shims.minbdeb.css]
[shivatoken.club/wp-content/plugins/js_composer/assets/lib/bower/font-awesome/webfonts/fa-brands-400.eot]
[shivatoken.club/wp-content/plugins/js_composer/assets/lib/bower/font-awesome/webfonts/fa-brands-400d41d.eot]
[shivatoken.club/wp-content/plugins/js_composer/assets/lib/bower/font-awesome/webfonts/fa-brands-400.woff2]
[shivatoken.club/wp-content/plugins/js_composer/assets/lib/bower/font-awesome/webfonts/fa-brands-400.woff]
[shivatoken.club/wp-content/plugins/js_composer/assets/lib/bower/font-awesome/webfonts/fa-brands-400.ttf]
[shivatoken.club/wp-content/plugins/js_composer/assets/lib/bower/font-awesome/webfonts/fa-brands-400.svg]
[shivatoken.club/wp-content/plugins/js_composer/assets/lib/bower/font-awesome/webfonts/fa-regular-400.eot]
[shivatoken.club/wp-content/plugins/js_composer/assets/lib/bower/font-awesome/webfonts/fa-regular-400d41d.eot]
[shivatoken.club/wp-content/plugins/js_composer/assets/lib/bower/font-awesome/webfonts/fa-regular-400.woff2]
[shivatoken.club/wp-content/plugins/js_composer/assets/lib/bower/font-awesome/webfonts/fa-regular-400.woff]
[shivatoken.club/wp-content/plugins/js_composer/assets/lib/bower/font-awesome/webfonts/fa-regular-400.ttf]
[shivatoken.club/wp-content/plugins/js_composer/assets/lib/bower/font-awesome/webfonts/fa-regular-400.svg]
[shivatoken.club/wp-content/plugins/js_composer/assets/lib/bower/font-awesome/webfonts/fa-solid-900.eot]
[shivatoken.club/wp-content/plugins/js_composer/assets/lib/bower/font-awesome/webfonts/fa-solid-900d41d.eot]
[shivatoken.club/wp-content/plugins/js_composer/assets/lib/bower/font-awesome/webfonts/fa-solid-900.woff2]
[shivatoken.club/wp-content/plugins/js_composer/assets/lib/bower/font-awesome/webfonts/fa-solid-900.woff]
[shivatoken.club/wp-content/plugins/js_composer/assets/lib/bower/font-awesome/webfonts/fa-solid-900.ttf]
[shivatoken.club/wp-content/plugins/js_composer/assets/lib/bower/font-awesome/css/all.minbdeb.css]
[shivatoken.club/wp-content/plugins/js_composer/assets/lib/bower/font-awesome/webfonts/fa-solid-900.svg]
[shivatoken.club/wp-content/themes/icos/assets/fonts/fontawesome-webfont3e6e.eot]
[shivatoken.club/wp-content/themes/icos/assets/fonts/fontawesome-webfontd41d.eot]
[shivatoken.club/wp-content/themes/icos/assets/fonts/fontawesome-webfont3e6e.woff2]
[shivatoken.club/wp-content/themes/icos/assets/fonts/fontawesome-webfont3e6e.woff]
[shivatoken.club/wp-content/themes/icos/assets/fonts/fontawesome-webfont3e6e.ttf]
[shivatoken.club/wp-content/themes/icos/assets/fonts/fontawesome-webfont3e6e.svg]
[shivatoken.club/wp-content/themes/icos/assets/fonts/themify9f24.eot]
[shivatoken.club/wp-content/themes/icos/assets/fonts/themifyd41d.eot]
[shivatoken.club/wp-content/themes/icos/assets/fonts/themify9f24.woff]
[shivatoken.club/wp-content/themes/icos/assets/fonts/themify9f24.ttf]
[shivatoken.club/wp-content/themes/icos/assets/fonts/themify9f24.svg]
[shivatoken.club/wp-content/themes/icos/assets/fonts/Ikon-Crypto6f2d.ttf]
[shivatoken.club/wp-content/themes/icos/assets/fonts/Ikon-Crypto6f2d.woff]
[shivatoken.club/wp-content/themes/icos/assets/fonts/Ikon-Crypto6f2d.svg]
[shivatoken.club/wp-content/themes/icos/assets/css/owl.video.play.png]
[shivatoken.club/wp-content/themes/icos/assets/css/vendor.bundle080f.css]
[shivatoken.club/wp-content/themes/icos/assets/images/particle-left.png]
[shivatoken.club/wp-content/themes/icos/assets/images/particle-right.png]
[shivatoken.club/wp-content/themes/icos/assets/images/header-bottom.png]
[shivatoken.club/wp-content/themes/icos/assets/images/header-bottom-light.png]
[shivatoken.club/wp-content/themes/icos/assets/images/header-overlay.png]
[shivatoken.club/wp-content/themes/icos/assets/images/header-bg-azure.png]
[shivatoken.club/wp-content/themes/icos/assets/images/pattern-azure-light.png]
[shivatoken.club/wp-content/themes/icos/assets/images/pattern-azure-dark.png]
[shivatoken.club/wp-content/themes/icos/assets/images/footer-bg.png]
[shivatoken.club/wp-content/themes/icos/assets/images/footer-bg-azure.png]
[shivatoken.club/wp-content/themes/icos/assets/images/mask-line-a.png]
[shivatoken.club/wp-content/themes/icos/assets/images/mask-line-b.png]
[shivatoken.club/wp-content/themes/icos/assets/images/mask-line-c.png]
[shivatoken.club/wp-content/themes/icos/assets/images/mask-line-d.png]
[shivatoken.club/wp-content/themes/icos/style080f.css]
[shivatoken.club/wp-content/themes/icos/assets/images/line.png]
[shivatoken.club/wp-content/themes/icos/assets/css/lavender080f.css]
[shivatoken.club/wp-content/themes/icos/assets/images/pattern-muscari-light.png]
[shivatoken.club/wp-content/themes/icos/assets/css/muscari080f.css]
[shivatoken.club/wp-content/themes/icos/assets/images/header-shape-lobelia.png]
[shivatoken.club/wp-content/themes/icos/assets/css/lobelia080f.css]
[shivatoken.club/wp-content/themes/icos/assets/images/check.png]
[shivatoken.club/wp-content/themes/icos/assets/images/jasmine-footer-bg.png]
[shivatoken.club/wp-content/themes/icos/assets/css/jasmine080f.css]
[shivatoken.club/wp-content/themes/icos/assets/images/lungwort-footer-bg.png]
[shivatoken.club/wp-content/themes/icos/assets/css/lungwort080f.css]
[shivatoken.club/wp-content/themes/icos/assets/images/pattern-salvia.png]
[shivatoken.club/wp-content/themes/icos/assets/css/salvia080f.css]
[shivatoken.club/wp-content/themes/icos/assets/images/bg-shape-zinnia.png]
[shivatoken.club/wp-content/themes/icos/assets/images/bg-shape-b-zinnia.png]
[shivatoken.club/wp-content/themes/icos/assets/images/header-shape-zinnia.png]
[shivatoken.club/wp-content/themes/icos/assets/images/contdown-shape-zinnia.png]
[shivatoken.club/wp-content/themes/icos/assets/images/shape-a-red.png]
[shivatoken.club/wp-content/themes/icos/assets/images/shape-b-red.png]
[shivatoken.club/wp-content/themes/icos/assets/images/shape-a-wh.png]
[shivatoken.club/wp-content/themes/icos/assets/images/shape-b-wh.png]
[shivatoken.club/wp-content/themes/icos/assets/css/zinnia080f.css]
[shivatoken.club/wp-content/themes/icos/assets/css/theme/theme-java080f.css]
[shivatoken.club/wp-content/plugins/js_composer/assets/vc/alert.png]
[shivatoken.club/wp-content/plugins/js_composer/assets/vc/info.png]
[shivatoken.club/wp-content/plugins/js_composer/assets/vc/tick.png]
[shivatoken.club/wp-content/plugins/js_composer/assets/vc/exclamation.png]
[shivatoken.club/wp-content/plugins/js_composer/assets/images/icons/address-book.png]
[shivatoken.club/wp-content/plugins/js_composer/assets/images/icons/alarm-clock.png]
[shivatoken.club/wp-content/plugins/js_composer/assets/images/icons/anchor.png]
[shivatoken.club/wp-content/plugins/js_composer/assets/images/icons/application-image.png]
[shivatoken.club/wp-content/plugins/js_composer/assets/images/icons/arrow.png]
[shivatoken.club/wp-content/plugins/js_composer/assets/images/icons/asterisk.png]
[shivatoken.club/wp-content/plugins/js_composer/assets/images/icons/auction-hammer.png]
[shivatoken.club/wp-content/plugins/js_composer/assets/images/icons/balloon.png]
[shivatoken.club/wp-content/plugins/js_composer/assets/images/icons/balloon-buzz.png]
[shivatoken.club/wp-content/plugins/js_composer/assets/images/icons/balloon-facebook.png]
[shivatoken.club/wp-content/plugins/js_composer/assets/images/icons/balloon-twitter.png]
[shivatoken.club/wp-content/plugins/js_composer/assets/images/icons/battery-full.png]
[shivatoken.club/wp-content/plugins/js_composer/assets/images/icons/binocular.png]
[shivatoken.club/wp-content/plugins/js_composer/assets/images/icons/blue-document-excel.png]
[shivatoken.club/wp-content/plugins/js_composer/assets/images/icons/blue-document-image.png]
[shivatoken.club/wp-content/plugins/js_composer/assets/images/icons/blue-document-music.png]
[shivatoken.club/wp-content/plugins/js_composer/assets/images/icons/blue-document-office.png]
[shivatoken.club/wp-content/plugins/js_composer/assets/images/icons/blue-document-pdf.png]
[shivatoken.club/wp-content/plugins/js_composer/assets/images/icons/blue-document-powerpoint.png]
[shivatoken.club/wp-content/plugins/js_composer/assets/images/icons/blue-document-word.png]
[shivatoken.club/wp-content/plugins/js_composer/assets/images/icons/bookmark.png]
[shivatoken.club/wp-content/plugins/js_composer/assets/images/icons/camcorder.png]
[shivatoken.club/wp-content/plugins/js_composer/assets/images/icons/camera.png]
[shivatoken.club/wp-content/plugins/js_composer/assets/images/icons/chart.png]
[shivatoken.club/wp-content/plugins/js_composer/assets/images/icons/chart-pie.png]
[shivatoken.club/wp-content/plugins/js_composer/assets/images/icons/clock.png]
[shivatoken.club/wp-content/plugins/js_composer/assets/images/icons/control.png]
[shivatoken.club/wp-content/plugins/js_composer/assets/images/icons/fire.png]
[shivatoken.club/wp-content/plugins/js_composer/assets/images/icons/heart.png]
[shivatoken.club/wp-content/plugins/js_composer/assets/images/icons/mail.png]
[shivatoken.club/wp-content/plugins/js_composer/assets/images/icons/plus-shield.png]
[shivatoken.club/wp-content/plugins/js_composer/assets/images/icons/video.png]
[shivatoken.club/wp-content/plugins/js_composer/assets/fonts/vc_icons_v2/fonts/vcpb-plugin-iconsb82a.eot]
[shivatoken.club/wp-content/plugins/js_composer/assets/fonts/vc_icons_v2/fonts/vcpb-plugin-iconsb82a.ttf]
[shivatoken.club/wp-content/plugins/js_composer/assets/fonts/vc_icons_v2/fonts/vcpb-plugin-iconsb82a.woff]
[shivatoken.club/wp-content/plugins/js_composer/assets/fonts/vc_icons_v2/fonts/vcpb-plugin-iconsb82a.svg]
[shivatoken.club/wp-content/plugins/js_composer/assets/images/toggle_open.png]
[shivatoken.club/wp-content/plugins/js_composer/assets/images/toggle_close.png]
[shivatoken.club/wp-content/plugins/js_composer/assets/images/flickr.png]
[shivatoken.club/wp-content/plugins/js_composer/assets/vc/blur.svg]
[shivatoken.club/wp-content/plugins/js_composer/assets/fonts/vc_grid/vc_grid_v157a1.eot]
[shivatoken.club/wp-content/plugins/js_composer/assets/fonts/vc_grid/vc_grid_v1d41d.eot]
[shivatoken.club/wp-content/plugins/js_composer/assets/fonts/vc_grid/vc_grid_v157a1.woff]
[shivatoken.club/wp-content/plugins/js_composer/assets/fonts/vc_grid/vc_grid_v157a1.ttf]
[shivatoken.club/wp-content/plugins/js_composer/assets/fonts/vc_grid/vc_grid_v157a1.svg]
[shivatoken.club/wp-content/plugins/js_composer/assets/images/spinner.gif]
[shivatoken.club/wp-content/plugins/js_composer/assets/vc/remove.png]
[shivatoken.club/wp-content/plugins/js_composer/assets/css/js_composer.minbdeb.css]
[shivatoken.club/wp-includes/js/jquery/jquery.minaf6c.js]
[shivatoken.club/wp-includes/js/jquery/jquery-migrate.mind617.js]
[shivatoken.club/home/gochimed/shivatoken.club/wp-content/fonts/poppins/pxiEyp8kv8JHgFVrJJbedHFHGPezSQ.html]
[shivatoken.club/home/gochimed/shivatoken.club/wp-content/fonts/poppins/pxiEyp8kv8JHgFVrJJnedHFHGPezSQ.html]
[shivatoken.club/home/gochimed/shivatoken.club/wp-content/fonts/poppins/pxiEyp8kv8JHgFVrJJfedHFHGPc.html]
[shivatoken.club/home/gochimed/shivatoken.club/wp-content/fonts/poppins/pxiByp8kv8JHgFVrLGT9Z11lE92JQEl8qw.html]
[shivatoken.club/home/gochimed/shivatoken.club/wp-content/fonts/poppins/pxiByp8kv8JHgFVrLGT9Z1JlE92JQEl8qw.html]
[shivatoken.club/home/gochimed/shivatoken.club/wp-content/fonts/poppins/pxiByp8kv8JHgFVrLGT9Z1xlE92JQEk.html]
[shivatoken.club/home/gochimed/shivatoken.club/wp-content/fonts/poppins/pxiByp8kv8JHgFVrLEj6Z11lE92JQEl8qw.html]
[shivatoken.club/home/gochimed/shivatoken.club/wp-content/fonts/poppins/pxiByp8kv8JHgFVrLEj6Z1JlE92JQEl8qw.html]
[shivatoken.club/home/gochimed/shivatoken.club/wp-content/fonts/poppins/pxiByp8kv8JHgFVrLEj6Z1xlE92JQEk.html]
[shivatoken.club/wp-includes/js/dist/vendor/regenerator-runtime.minb36a.js]
[shivatoken.club/wp-includes/js/dist/vendor/wp-polyfill.min2c7c.js]
[shivatoken.club/wp-content/plugins/contact-form-7/includes/js/index4245.js]
[shivatoken.club/wp-includes/js/comment-reply.min080f.js]
[shivatoken.club/wp-content/themes/icos/assets/js/vendor/bootstrap.min080f.js]
[shivatoken.club/wp-content/themes/icos/assets/js/vendor/jquery.easing.min080f.js]
[shivatoken.club/wp-content/themes/icos/assets/js/vendor/jquery.waypoints.min080f.js]
[shivatoken.club/wp-content/themes/icos/assets/js/vendor/owl.carousel080f.js]
[shivatoken.club/wp-content/themes/icos/assets/js/vendor/jquery.magnific-popup.min080f.js]
[shivatoken.club/wp-content/themes/icos/assets/js/vendor/jquery.countdown.min080f.js]
[shivatoken.club/GET]
[shivatoken.club/Error pJS - No image.src]
[shivatoken.club/wp-content/themes/icos/assets/js/vendor/particles.min080f.js]
[shivatoken.club/wp-content/themes/icos/assets/js/vendor/select2.min080f.js]
[shivatoken.club/wp-content/themes/icos/assets/js/script-pack080f.js]
[shivatoken.club/wp-content/uploads/wpmss/wpmssab.min84e2.js]
[shivatoken.club/wp-content/plugins/mousewheel-smooth-scroll/js/SmoothScroll.min5b3c.js]
[shivatoken.club/wp-content/uploads/wpmss/wpmss.min84e2.js]
[shivatoken.club/wp-includes/js/wp-embed.min080f.js]
[apis.google.com/js/plusone.js]
[assets.pinterest.com/js/pinit.js]
[shivatoken.club/wp-content/plugins/js_composer/assets/js/dist/js_composer_front.minbdeb.js]
[shivatoken.club/wp-content/plugins/js_composer/assets/lib/bower/font-awesome/webfonts/fa-brands-400.svg]
[shivatoken.club/wp-content/plugins/js_composer/assets/lib/bower/font-awesome/webfonts/fa-regular-400.svg]
[shivatoken.club/wp-content/plugins/js_composer/assets/lib/bower/font-awesome/webfonts/fa-solid-900.svg]
[shivatoken.club/wp-content/themes/icos/assets/fonts/fontawesome-webfont3e6e.svg]
[shivatoken.club/wp-content/themes/icos/assets/fonts/themify9f24.svg]
[shivatoken.club/wp-content/themes/icos/assets/fonts/Ikon-Crypto6f2d.svg]
[shivatoken.club/wp-content/themes/icos/assets/css/owl.video.play.html]
[shivatoken.club/wp-content/plugins/js_composer/assets/fonts/vc_icons_v2/fonts/vcpb-plugin-iconsb82a.svg]
[shivatoken.club/wp-content/plugins/js_composer/assets/vc/blur.svg]
[shivatoken.club/wp-content/plugins/js_composer/assets/fonts/vc_grid/vc_grid_v157a1.svg]
[shivatoken.club/GET.html]
[shivatoken.club/Error pJS - No image.html]
